8
9
10
11
11
10
10
11
11
10
9
9
10
11
11
10
10
11
11
10
9
